Archive member included because of file (symbol)

/Applications/CrossWorks for ARM 2.2/lib/libc_v7m_t_le.a(libc_asm.o)
                              NANO2 Debug/time_lpc17.o (__divdi3)
/Applications/CrossWorks for ARM 2.2/lib/libc_v7m_t_le.a(libc2_asm.o)
                              NANO2 Debug/thread.o (memset)
/Applications/CrossWorks for ARM 2.2/lib/libc_v7m_t_le.a(__vfprintf_int.o)
                              (__vfprintf_int)
/Applications/CrossWorks for ARM 2.2/lib/libc_v7m_t_le.a(__vfscanf_int.o)
                              (__vfscanf_int)
/Applications/CrossWorks for ARM 2.2/lib/libc_v7m_t_le.a(libc2.o)
                              /Applications/CrossWorks for ARM 2.2/lib/libc_v7m_t_le.a(__vfscanf_int.o) (__getc)
/Applications/CrossWorks for ARM 2.2/lib/libdebugio_v7m_t_le.a(libdebugio.o)
                              (__do_debug_operation_mempoll)
/Applications/CrossWorks for ARM 2.2/lib/libc_user_libc_v7m_t_le.a(user_libc.o)
                              /Applications/CrossWorks for ARM 2.2/lib/libc_v7m_t_le.a(libc2.o) (__errno)
/Applications/CrossWorks for ARM 2.2/lib/libm_v7m_t_le.a(libm_asm.o)
                              /Applications/CrossWorks for ARM 2.2/lib/libc_v7m_t_le.a(libc2.o) (__floatsisf)

Discarded input sections

 .text          0x00000000        0x0 NANO2 Debug/startup_lpc17.o
 .data          0x00000000        0x0 NANO2 Debug/startup_lpc17.o
 .bss           0x00000000        0x0 NANO2 Debug/startup_lpc17.o
 .text          0x00000000        0x0 NANO2 Debug/vectors_lpc17.o
 .data          0x00000000        0x0 NANO2 Debug/vectors_lpc17.o
 .bss           0x00000000        0x0 NANO2 Debug/vectors_lpc17.o
 .text          0x00000000        0x0 NANO2 Debug/machine_lpc17.o
 .data          0x00000000        0x0 NANO2 Debug/machine_lpc17.o
 .bss           0x00000000        0x0 NANO2 Debug/machine_lpc17.o
 .text          0x00000000        0x0 NANO2 Debug/time_lpc17.o
 .data          0x00000000        0x0 NANO2 Debug/time_lpc17.o
 .bss           0x00000000        0x0 NANO2 Debug/time_lpc17.o
 .text          0x00000000        0x0 NANO2 Debug/hal.o
 .data          0x00000000        0x0 NANO2 Debug/hal.o
 .bss           0x00000000        0x0 NANO2 Debug/hal.o
 .text          0x00000000        0x0 NANO2 Debug/startup.o
 .data          0x00000000        0x0 NANO2 Debug/startup.o
 .bss           0x00000000        0x0 NANO2 Debug/startup.o
 .text.__machine_init
                0x00000000        0xc NANO2 Debug/startup.o
 .text          0x00000000        0x0 NANO2 Debug/list.o
 .data          0x00000000        0x0 NANO2 Debug/list.o
 .bss           0x00000000        0x0 NANO2 Debug/list.o
 .text.list_get_count
                0x00000000       0x40 NANO2 Debug/list.o
 .text.list_rem_head
                0x00000000       0x38 NANO2 Debug/list.o
 .text          0x00000000        0x0 NANO2 Debug/panic.o
 .data          0x00000000        0x0 NANO2 Debug/panic.o
 .bss           0x00000000        0x0 NANO2 Debug/panic.o
 .text          0x00000000        0x0 NANO2 Debug/signal.o
 .data          0x00000000        0x0 NANO2 Debug/signal.o
 .bss           0x00000000        0x0 NANO2 Debug/signal.o
 .text._set_signal
                0x00000000       0x2c NANO2 Debug/signal.o
 .text.exos_signal_set
                0x00000000       0x24 NANO2 Debug/signal.o
 .text._sig_alloc
                0x00000000       0x18 NANO2 Debug/signal.o
 .text.exos_signal_alloc
                0x00000000       0x18 NANO2 Debug/signal.o
 .text._sig_free
                0x00000000       0x2c NANO2 Debug/signal.o
 .text.exos_signal_free
                0x00000000       0x20 NANO2 Debug/signal.o
 .text._abort_wait
                0x00000000       0x28 NANO2 Debug/signal.o
 .text.exos_cond_abort
                0x00000000       0x20 NANO2 Debug/signal.o
 .text          0x00000000        0x0 NANO2 Debug/threading_tests.o
 .data          0x00000000        0x0 NANO2 Debug/threading_tests.o
 .bss           0x00000000        0x0 NANO2 Debug/threading_tests.o
 .bss._thread1_stack
                0x00000000      0x100 NANO2 Debug/threading_tests.o
 .bss._thread2_stack
                0x00000000      0x100 NANO2 Debug/threading_tests.o
 .bss._thread1  0x00000000       0x3c NANO2 Debug/threading_tests.o
 .bss._thread2  0x00000000       0x3c NANO2 Debug/threading_tests.o
 .bss._shared_int
                0x00000000        0x4 NANO2 Debug/threading_tests.o
 .text._set_shared_int
                0x00000000       0x28 NANO2 Debug/threading_tests.o
 .text._basic_thread_test
                0x00000000      0x120 NANO2 Debug/threading_tests.o
 .bss._event    0x00000000       0x14 NANO2 Debug/threading_tests.o
 .text._event_counter
                0x00000000       0x48 NANO2 Debug/threading_tests.o
 .text._event_test
                0x00000000      0x198 NANO2 Debug/threading_tests.o
 .bss._mutex    0x00000000       0x14 NANO2 Debug/threading_tests.o
 .text._mutex_func
                0x00000000       0x64 NANO2 Debug/threading_tests.o
[...]
Memory Configuration

Name             Origin             Length             Attributes
UNPLACED_SECTIONS 0xffffffff         0x00000000         xw
CM3_System_Control_Space 0xe000e000         0x00001000         xw
AHB_Peripherals  0x50000000         0x00200000         xw
APB1_Peripherals 0x40080000         0x00080000         xw
APB0_Peripherals 0x40000000         0x00080000         xw
GPIO             0x2009c000         0x00004000         xw
AHBSRAM          0x2007c000         0x00008000         xw
RAM              0x10000000         0x00008000         xw
FLASH            0x00000000         0x00080000         xr
*default*        0x00000000         0xffffffff

Linker script and memory map

                0x00003148                __do_debug_operation = __do_debug_operation_mempoll
                0x00002518                __vfprintf = __vfprintf_int
                0x00002c5c                __vfscanf = __vfscanf_int
                0xe000e000                __CM3_System_Control_Space_segment_start__ = 0xe000e000
                0xe000f000                __CM3_System_Control_Space_segment_end__ = 0xe000f000
                0x50000000                __AHB_Peripherals_segment_start__ = 0x50000000
                0x50200000                __AHB_Peripherals_segment_end__ = 0x50200000
                0x40080000                __APB1_Peripherals_segment_start__ = 0x40080000
                0x40100000                __APB1_Peripherals_segment_end__ = 0x40100000
                0x40000000                __APB0_Peripherals_segment_start__ = 0x40000000
                0x40080000                __APB0_Peripherals_segment_end__ = 0x40080000
                0x2009c000                __GPIO_segment_start__ = 0x2009c000
                0x200a0000                __GPIO_segment_end__ = 0x200a0000
                0x2007c000                __AHBSRAM_segment_start__ = 0x2007c000
                0x20084000                __AHBSRAM_segment_end__ = 0x20084000
                0x10000000                __RAM_segment_start__ = 0x10000000
                0x10008000                __RAM_segment_end__ = 0x10008000
                0x00000000                __FLASH_segment_start__ = 0x0
                0x00080000                __FLASH_segment_end__ = 0x80000
                0x00000100                __STACKSIZE__ = 0x100
                0x00000200                __STACKSIZE_PROCESS__ = 0x200
                0x00000000                __STACKSIZE_IRQ__ = 0x0
                0x00000000                __STACKSIZE_FIQ__ = 0x0
                0x00000000                __STACKSIZE_SVC__ = 0x0
                0x00000000                __STACKSIZE_ABT__ = 0x0
                0x00000000                __STACKSIZE_UND__ = 0x0
                0x00000400                __HEAPSIZE__ = 0x400
                0x2007c000                __usb_load_start__ = ALIGN (__AHBSRAM_segment_start__, 0x4)

.usb            0x2007c000        0x0
                0x2007c000                __usb_start__ = .
 *(.usb .usb.*)
                0x2007c000                __usb_end__ = (__usb_start__ + SIZEOF (.usb))
                0x2007c000                __usb_load_end__ = __usb_end__
                0x00000001                . = ASSERT (((__usb_end__ >= __AHBSRAM_segment_start__) && (__usb_end__ <= __AHBSRAM_segment_end__)), error: .usb is too large to fit in AHBSRAM memory segment)
                0x2007c000                __dma_load_start__ = ALIGN (__usb_end__, 0x4)

.dma            0x2007c000        0x0
                0x2007c000                __dma_start__ = .
 *(.dma .dma.*)
                0x2007c000                __dma_end__ = (__dma_start__ + SIZEOF (.dma))
                0x2007c000                __dma_load_end__ = __dma_end__
                0x00000001                . = ASSERT (((__dma_end__ >= __AHBSRAM_segment_start__) && (__dma_end__ <= __AHBSRAM_segment_end__)), error: .dma is too large to fit in AHBSRAM memory segment)
                0x00000000                __vectors_load_start__ = ALIGN (__FLASH_segment_start__, 0x100)

.vectors        0x00000000       0xcc
                0x00000000                __vectors_start__ = .
 *(.vectors .vectors.*)
 .vectors       0x00000000       0xcc NANO2 Debug/vectors_lpc17.o
                0x00000000                _vectors
                0x000000cc                __vectors_end__ = (__vectors_start__ + SIZEOF (.vectors))
                0x000000cc                __vectors_load_end__ = __vectors_end__
                0x00000001                . = ASSERT (((__vectors_end__ >= __FLASH_segment_start__) && (__vectors_end__ <= __FLASH_segment_end__)), error: .vectors is too large to fit in FLASH memory segment)
                0x000000cc                __init_load_start__ = ALIGN (__vectors_end__, 0x4)

.init           0x000000cc       0xb0
                0x000000cc                __init_start__ = .
 *(.init .init.*)
 .init          0x000000cc       0xb0 NANO2 Debug/startup_lpc17.o
                0x000000cc                Reset_Handler
                0x00000178                DebugMon_Handler
                0x00000178                RIT_IRQHandler
                0x00000178                I2C0_IRQHandler
                0x00000178                HardFault_Handler
                0x00000178                PWM1_IRQHandler
                0x00000178                NMI_Handler
                0x00000178                I2C1_IRQHandler
                0x00000178                EINT2_IRQHandler
                0x00000178                UART1_IRQHandler
                0x00000178                EINT3_IRQHandler
                0x00000178                TIMER3_IRQHandler
                0x00000178                UART0_IRQHandler
                0x00000178                UsageFault_Handler
                0x00000178                PLL0_IRQHandler
                0x00000178                CAN_IRQHandler
                0x00000178                PLL1_IRQHandler
                0x00000178                SSP0_IRQHandler
                0x00000178                I2S_IRQHandler
                0x00000178                I2C2_IRQHandler
                0x00000178                RTC_IRQHandler
                0x00000178                TIMER0_IRQHandler
                0x00000178                SPI_IRQHandler
                0x00000178                EINT1_IRQHandler
                0x00000178                TIMER1_IRQHandler
                0x00000178                UART2_IRQHandler
                0x00000178                Default_Handler
                0x00000178                ADC_IRQHandler
                0x00000178                SSP1_IRQHandler
                0x00000178                USB_IRQHandler
                0x00000178                BOD_IRQHandler
                0x00000178                MemManage_Handler
                0x00000178                WDT_IRQHandler
                0x00000178                QEI_IRQHandler
                0x00000178                EINT0_IRQHandler
                0x00000178                USBACT_IRQHandler
                0x00000178                CANACT_IRQHandler
                0x00000178                BusFault_Handler
                0x00000178                UART3_IRQHandler
                0x00000178                MCPWM_IRQHandler
                0x00000178                TIMER2_IRQHandler
                0x00000178                ENET_IRQHandler
                0x0000017c                __init_end__ = (__init_start__ + SIZEOF (.init))
                0x0000017c                __init_load_end__ = __init_end__
                0x00000001                . = ASSERT (((__init_end__ >= __FLASH_segment_start__) && (__init_end__ <= __FLASH_segment_end__)), error: .init is too large to fit in FLASH memory segment)
                0x0000017c                __text_load_start__ = ALIGN (__init_end__, 0x4)

.text           0x0000017c     0x300c
                0x0000017c                __text_start__ = .
 *(.text .text.* .glue_7t .glue_7 .gnu.linkonce.t.* .gcc_except_table .ARM.extab* .gnu.linkonce.armextab.*)
 .glue_7        0x00000000        0x0 linker stubs
 .glue_7t       0x00000000        0x0 linker stubs
 .text.NVIC_SetPriority
                0x0000017c       0x58 NANO2 Debug/machine_lpc17.o
 .text.__machine_init
                0x000001d4       0x40 NANO2 Debug/machine_lpc17.o
                0x000001d4                __machine_init
 .text.__machine_req_switch
                0x00000214       0x18 NANO2 Debug/machine_lpc17.o
                0x00000214                __machine_req_switch
 .text.PendSV_Handler
                0x0000022c       0x64 NANO2 Debug/machine_lpc17.o
                0x0000022c                PendSV_Handler
 .text.SVC_Handler
                0x00000290       0x20 NANO2 Debug/machine_lpc17.o
                0x00000290                SVC_Handler
 .text.__kernel_do
                0x000002b0       0x14 NANO2 Debug/machine_lpc17.o
                0x000002b0                __kernel_do
 .text.__machine_init_thread_stack
                0x000002c4      0x11c NANO2 Debug/machine_lpc17.o
                0x000002c4                __machine_init_thread_stack
 .text.NVIC_SetPriority
                0x000003e0       0x58 NANO2 Debug/time_lpc17.o
 .text.SysTick_Config
                0x00000438       0x64 NANO2 Debug/time_lpc17.o
 .text.hal_time_initialize
                0x0000049c       0x5c NANO2 Debug/time_lpc17.o
                0x0000049c                hal_time_initialize
 .text.SysTick_Handler
                0x000004f8        0xc NANO2 Debug/time_lpc17.o
                0x000004f8                SysTick_Handler
 .text.__mem_copy
                0x00000504       0x1c NANO2 Debug/hal.o
                0x00000504                __mem_copy
 .text.__mem_set
                0x00000520       0x10 NANO2 Debug/hal.o
                0x00000520                __mem_set
 .text.__kernel_start
                0x00000530       0x50 NANO2 Debug/startup.o
                0x00000530                __kernel_start
 .text.__machine_idle
                0x00000580        0x8 NANO2 Debug/startup.o
                0x00000580                __machine_idle
 .text.list_initialize
                0x00000588       0x30 NANO2 Debug/list.o
                0x00000588                list_initialize
 .text.list_insert
                0x000005b8       0x34 NANO2 Debug/list.o
                0x000005b8                list_insert
 .text.list_add_head
                0x000005ec       0x1c NANO2 Debug/list.o
                0x000005ec                list_add_head
 .text.list_add_tail
                0x00000608       0x24 NANO2 Debug/list.o
                0x00000608                list_add_tail
 .text.list_enqueue
                0x0000062c       0x4c NANO2 Debug/list.o
                0x0000062c                list_enqueue
 .text.list_remove
                0x00000678       0x54 NANO2 Debug/list.o
                0x00000678                list_remove
 .text.list_find_node
                0x000006cc       0x48 NANO2 Debug/list.o
                0x000006cc                list_find_node
 .text.kernel_panic
                0x00000714       0x20 NANO2 Debug/panic.o
                0x00000714                kernel_panic
 .text.__kernel_panic
                0x00000734        0x8 NANO2 Debug/panic.o
                0x00000734                __kernel_panic
 .text.__signal_set
                0x0000073c       0x40 NANO2 Debug/signal.o
                0x0000073c                __signal_set
 .text.__signal_wait
                0x0000077c       0x50 NANO2 Debug/signal.o
                0x0000077c                __signal_wait
 .text._check_signal
                0x000007cc       0x3c NANO2 Debug/signal.o
 .text.exos_signal_wait
                0x00000808       0x80 NANO2 Debug/signal.o
                0x00000808                exos_signal_wait
 .text.__signal_alloc
                0x00000888       0x78 NANO2 Debug/signal.o
                0x00000888                __signal_alloc
 .text.__signal_free
                0x00000900       0x44 NANO2 Debug/signal.o
                0x00000900                __signal_free
 .text.__cond_add_wait_handle
                0x00000944       0x6c NANO2 Debug/signal.o
                0x00000944                __cond_add_wait_handle
 .text.__cond_rem_wait_handle
                0x000009b0       0x64 NANO2 Debug/signal.o
                0x000009b0                __cond_rem_wait_handle
 .text.__cond_signal_all
                0x00000a14       0x64 NANO2 Debug/signal.o
                0x00000a14                __cond_signal_all
 .text._mem_check
                0x00000a78       0xe0 NANO2 Debug/memory_tests.o
 .text._alloc_free
                0x00000b58       0xe4 NANO2 Debug/memory_tests.o
 .text._alloc_coalesce
                0x00000c3c       0x58 NANO2 Debug/memory_tests.o
 .text.memory_tests
                0x00000c94       0x6c NANO2 Debug/memory_tests.o
                0x00000c94                memory_tests
 .text.__thread_init
                0x00000d00       0x9c NANO2 Debug/thread.o
                0x00000d00                __thread_init
 .text._add_thread
                0x00000d9c       0x44 NANO2 Debug/thread.o
 .text.__kernel_schedule
                0x00000de0       0xb0 NANO2 Debug/thread.o
                0x00000de0                __kernel_schedule
 .text.exos_thread_create
                0x00000e90       0xd8 NANO2 Debug/thread.o
                0x00000e90                exos_thread_create
 .text._exit    0x00000f68       0x68 NANO2 Debug/thread.o
 .text.exos_thread_exit
                0x00000fd0       0x24 NANO2 Debug/thread.o
                0x00000fd0                exos_thread_exit
 .text._join    0x00000ff4       0x54 NANO2 Debug/thread.o
 .text.exos_thread_join
                0x00001048       0x34 NANO2 Debug/thread.o
                0x00001048                exos_thread_join
 .text.exos_thread_sleep
                0x0000107c       0x30 NANO2 Debug/thread.o
                0x0000107c                exos_thread_sleep
 .text.__thread_block
                0x000010ac       0x60 NANO2 Debug/thread.o
                0x000010ac                __thread_block
 .text.__thread_unblock
                0x0000110c       0x64 NANO2 Debug/thread.o
                0x0000110c                __thread_unblock
 .text.__thread_vacate
                0x00001170       0x58 NANO2 Debug/thread.o
                0x00001170                __thread_vacate
 .text.__timer_init
                0x000011c8       0x1c NANO2 Debug/timer.o
                0x000011c8                __timer_init
 .text.__timer_create_timer
                0x000011e4       0x8c NANO2 Debug/timer.o
                0x000011e4                __timer_create_timer
 .text._add_timer
                0x00001270       0x68 NANO2 Debug/timer.o
 .text.exos_timer_create
                0x000012d8       0x44 NANO2 Debug/timer.o
                0x000012d8                exos_timer_create
 .text.__timer_destroy_timer
                0x0000131c       0x50 NANO2 Debug/timer.o
                0x0000131c                __timer_destroy_timer
 .text._rem_timer
                0x0000136c       0x50 NANO2 Debug/timer.o
 .text.exos_timer_abort
                0x000013bc       0x58 NANO2 Debug/timer.o
                0x000013bc                exos_timer_abort
 .text.exos_timer_wait
                0x00001414       0x60 NANO2 Debug/timer.o
                0x00001414                exos_timer_wait
 .text._tick    0x00001474       0x90 NANO2 Debug/timer.o
 .text.__kernel_tick
                0x00001504       0x14 NANO2 Debug/timer.o
                0x00001504                __kernel_tick
 .text._lock_func
                0x00001518       0x90 NANO2 Debug/basic_pthread_tests.o
 .text.pthread_tests
                0x000015a8       0x84 NANO2 Debug/basic_pthread_tests.o
                0x000015a8                pthread_tests
 .text.pthread_mutex_lock
                0x0000162c       0x20 NANO2 Debug/pthread_cond.o
                0x0000162c                pthread_mutex_lock
 .text.pthread_mutex_unlock
                0x0000164c       0x20 NANO2 Debug/pthread_cond.o
                0x0000164c                pthread_mutex_unlock
 .text._ticks   0x0000166c       0x44 NANO2 Debug/pthread_time.o
 .text.nanosleep
                0x000016b0       0x38 NANO2 Debug/pthread_time.o
                0x000016b0                nanosleep
 .text.__posix_init
                0x000016e8       0x34 NANO2 Debug/posix.o
                0x000016e8                __posix_init
 .text.pthread_create
                0x0000171c       0xb4 NANO2 Debug/pthread.o
                0x0000171c                pthread_create
 .text.pthread_join
                0x000017d0       0x2c NANO2 Debug/pthread.o
                0x000017d0                pthread_join
 .text.__mem_init
                0x000017fc       0x3c NANO2 Debug/memory.o
                0x000017fc                __mem_init
 .text._init_block
                0x00001838       0x7c NANO2 Debug/memory.o
 .text.exos_mem_add_region
                0x000018b4      0x108 NANO2 Debug/memory.o
                0x000018b4                exos_mem_add_region
 .text._find_room
                0x000019bc       0xa8 NANO2 Debug/memory.o
 .text.exos_mem_alloc
                0x00001a64      0x124 NANO2 Debug/memory.o
                0x00001a64                exos_mem_alloc
 .text.exos_mem_free
                0x00001b88      0x170 NANO2 Debug/memory.o
                0x00001b88                exos_mem_free
 .text.exos_mem_stats
                0x00001cf8       0xe8 NANO2 Debug/memory.o
                0x00001cf8                exos_mem_stats
 .text.exos_mem_get_region
                0x00001de0       0x68 NANO2 Debug/memory.o
                0x00001de0                exos_mem_get_region
 .text.exos_mutex_create
                0x00001e48       0x28 NANO2 Debug/mutex.o
                0x00001e48                exos_mutex_create
 .text._try_lock
                0x00001e70       0x98 NANO2 Debug/mutex.o
 .text.exos_mutex_lock
                0x00001f08       0x3c NANO2 Debug/mutex.o
                0x00001f08                exos_mutex_lock
 .text._unlock  0x00001f44       0x64 NANO2 Debug/mutex.o
 .text.exos_mutex_unlock
                0x00001fa8       0x2c NANO2 Debug/mutex.o
                0x00001fa8                exos_mutex_unlock
 .text.main     0x00001fd4       0x18 NANO2 Debug/main.o
                0x00001fd4                main
 .text.GPDMA_IRQHandler
                0x00001fec       0xa4 NANO2 Debug/dma.o
                0x00001fec                GPDMA_IRQHandler
 .text.hal_board_initialize
                0x00002090       0x54 NANO2 Debug/nmine_lpc17.o
                0x00002090                hal_board_initialize
 .text.hal_led_set
                0x000020e4       0xb0 NANO2 Debug/nmine_lpc17.o
                0x000020e4                hal_led_set
 .text.SystemInit
                0x00002194      0x220 NANO2 Debug/system_LPC17xx.o
                0x00002194                SystemInit
 .text.libc.__int64_div
                0x000023b4       0x44 /Applications/CrossWorks for ARM 2.2/lib/libc_v7m_t_le.a(libc_asm.o)
                0x000023b4                __divdi3
                0x000023b4                __int64_div
 .text.libc.__int64_udivmod
                0x000023f8       0x60 /Applications/CrossWorks for ARM 2.2/lib/libc_v7m_t_le.a(libc_asm.o)
                0x000023f8                __int64_udivmod
                0x000023f8                __aeabi_uldivmod
                0x000023f8                __int64_udiv
                0x000023f8                __udivdi3
 .text.libc.memset
                0x00002458       0x60 /Applications/CrossWorks for ARM 2.2/lib/libc_v7m_t_le.a(libc2_asm.o)
                0x00002458                memset
 .text.libc.strlen
                0x000024b8       0x60 /Applications/CrossWorks for ARM 2.2/lib/libc_v7m_t_le.a(libc2_asm.o)
                0x000024b8                strlen
 .text.libc.__vfprintf_int
                0x00002518      0x5d4 /Applications/CrossWorks for ARM 2.2/lib/libc_v7m_t_le.a(__vfprintf_int.o)
                0x00002518                __vfprintf_int
 .text.libc.__ungetc
                0x00002aec       0x20 /Applications/CrossWorks for ARM 2.2/lib/libc_v7m_t_le.a(__vfscanf_int.o)
 .text.libc.rd_int
                0x00002b0c      0x150 /Applications/CrossWorks for ARM 2.2/lib/libc_v7m_t_le.a(__vfscanf_int.o)
 .text.libc.__vfscanf_int
                0x00002c5c      0x3c8 /Applications/CrossWorks for ARM 2.2/lib/libc_v7m_t_le.a(__vfscanf_int.o)
                0x00002c5c                __vfscanf_int
 .text.libc.__getc
                0x00003024       0x28 /Applications/CrossWorks for ARM 2.2/lib/libc_v7m_t_le.a(libc2.o)
                0x00003024                __getc
 .text.libc.__putc
                0x0000304c       0x38 /Applications/CrossWorks for ARM 2.2/lib/libc_v7m_t_le.a(libc2.o)
                0x0000304c                __putc
 .text.libc.__print_padding
                0x00003084       0x24 /Applications/CrossWorks for ARM 2.2/lib/libc_v7m_t_le.a(libc2.o)
                0x00003084                __print_padding
 .text.libc.__pre_padding
                0x000030a8       0x1c /Applications/CrossWorks for ARM 2.2/lib/libc_v7m_t_le.a(libc2.o)
                0x000030a8                __pre_padding
 .text.libc.isupper
                0x000030c4       0x10 /Applications/CrossWorks for ARM 2.2/lib/libc_v7m_t_le.a(libc2.o)
                0x000030c4                isupper
 .text.libc.islower
                0x000030d4       0x10 /Applications/CrossWorks for ARM 2.2/lib/libc_v7m_t_le.a(libc2.o)
                0x000030d4                islower
 .text.libc.isdigit
                0x000030e4       0x10 /Applications/CrossWorks for ARM 2.2/lib/libc_v7m_t_le.a(libc2.o)
                0x000030e4                isdigit
 .text.libc.__digit
                0x000030f4       0x3c /Applications/CrossWorks for ARM 2.2/lib/libc_v7m_t_le.a(libc2.o)
                0x000030f4                __digit
 .text.libc.isspace
                0x00003130       0x18 /Applications/CrossWorks for ARM 2.2/lib/libc_v7m_t_le.a(libc2.o)
                0x00003130                isspace
 .text.libdebugio.__do_debug_operation_mempoll
                0x00003148       0x38 /Applications/CrossWorks for ARM 2.2/lib/libdebugio_v7m_t_le.a(libdebugio.o)
                0x00003148                __do_debug_operation_mempoll
 .text.libc.__debug_io_lock
                0x00003180        0x4 /Applications/CrossWorks for ARM 2.2/lib/libc_user_libc_v7m_t_le.a(user_libc.o)
                0x00003180                __debug_io_lock
 .text.libc.__debug_io_unlock
                0x00003184        0x4 /Applications/CrossWorks for ARM 2.2/lib/libc_user_libc_v7m_t_le.a(user_libc.o)
                0x00003184                __debug_io_unlock
                0x00003188                __text_end__ = (__text_start__ + SIZEOF (.text))
                0x00003188                __text_load_end__ = __text_end__

.vfp11_veneer   0x00000000        0x0
 .vfp11_veneer  0x00000000        0x0 linker stubs

.v4_bx          0x00000000        0x0
 .v4_bx         0x00000000        0x0 linker stubs
                0x00000001                . = ASSERT (((__text_end__ >= __FLASH_segment_start__) && (__text_end__ <= __FLASH_segment_end__)), error: .text is too large to fit in FLASH memory segment)
                0x00003188                __dtors_load_start__ = ALIGN (__text_end__, 0x4)

.dtors          0x00003188        0x0
                0x00003188                __dtors_start__ = .
 *(SORT(.dtors.*))
 *(.dtors)
 *(.fini_array .fini_array.*)
                0x00003188                __dtors_end__ = (__dtors_start__ + SIZEOF (.dtors))
                0x00003188                __dtors_load_end__ = __dtors_end__
                0x00000001                . = ASSERT (((__dtors_end__ >= __FLASH_segment_start__) && (__dtors_end__ <= __FLASH_segment_end__)), error: .dtors is too large to fit in FLASH memory segment)
                0x00003188                __ctors_load_start__ = ALIGN (__dtors_end__, 0x4)

.ctors          0x00003188        0x0
                0x00003188                __ctors_start__ = .
 *(SORT(.ctors.*))
 *(.ctors)
 *(.init_array .init_array.*)
                0x00003188                __ctors_end__ = (__ctors_start__ + SIZEOF (.ctors))
                0x00003188                __ctors_load_end__ = __ctors_end__
                0x00000001                . = ASSERT (((__ctors_end__ >= __FLASH_segment_start__) && (__ctors_end__ <= __FLASH_segment_end__)), error: .ctors is too large to fit in FLASH memory segment)
                0x00003188                __rodata_load_start__ = ALIGN (__ctors_end__, 0x4)

.rodata         0x00003188       0x34
                0x00003188                __rodata_start__ = .
 *(.rodata .rodata.* .gnu.linkonce.r.*)
 .rodata        0x00003188        0x8 NANO2 Debug/basic_pthread_tests.o
 .rodata._default_pthread_attrs
                0x00003190        0xc NANO2 Debug/pthread.o
 .rodata.libc.__hex_lc
                0x0000319c       0x10 /Applications/CrossWorks for ARM 2.2/lib/libc_v7m_t_le.a(libc2.o)
                0x0000319c                __hex_lc
 .rodata.libc.__hex_uc
                0x000031ac       0x10 /Applications/CrossWorks for ARM 2.2/lib/libc_v7m_t_le.a(libc2.o)
                0x000031ac                __hex_uc
                0x000031bc                __rodata_end__ = (__rodata_start__ + SIZEOF (.rodata))
                0x000031bc                __rodata_load_end__ = __rodata_end__
                0x00000001                . = ASSERT (((__rodata_end__ >= __FLASH_segment_start__) && (__rodata_end__ <= __FLASH_segment_end__)), error: .rodata is too large to fit in FLASH memory segment)
                0x000031bc                __ARM.exidx_load_start__ = ALIGN (__rodata_end__, 0x4)

.ARM.exidx      0x000031bc        0x0
                0x000031bc                __ARM.exidx_start__ = .
                0x000031bc                __exidx_start = __ARM.exidx_start__
 *(.ARM.exidx .ARM.exidx.*)
                0x000031bc                __ARM.exidx_end__ = (__ARM.exidx_start__ + SIZEOF (.ARM.exidx))
                0x000031bc                __exidx_end = __ARM.exidx_end__
                0x000031bc                __ARM.exidx_load_end__ = __ARM.exidx_end__
                0x00000001                . = ASSERT (((__ARM.exidx_end__ >= __FLASH_segment_start__) && (__ARM.exidx_end__ <= __FLASH_segment_end__)), error: .ARM.exidx is too large to fit in FLASH memory segment)
                0x10000000                __vectors_ram_load_start__ = ALIGN (__RAM_segment_start__, 0x100)

.vectors_ram    0x10000000        0x0
                0x10000000                __vectors_ram_start__ = .
 *(.vectors_ram .vectors_ram.*)
                0x10000000                __vectors_ram_end__ = (__vectors_ram_start__ + SIZEOF (.vectors_ram))
                0x10000000                __vectors_ram_load_end__ = __vectors_ram_end__
                0x00000001                . = ASSERT (((__vectors_ram_end__ >= __RAM_segment_start__) && (__vectors_ram_end__ <= __RAM_segment_end__)), error: .vectors_ram is too large to fit in RAM memory segment)
                0x000031bc                __fast_load_start__ = ALIGN (__ARM.exidx_end__, 0x4)

.fast           0x10000000        0x0 load address 0x000031bc
                0x10000000                __fast_start__ = .
 *(.fast .fast.*)
                0x10000000                __fast_end__ = (__fast_start__ + SIZEOF (.fast))
                0x000031bc                __fast_load_end__ = (__fast_load_start__ + SIZEOF (.fast))
                0x00000001                . = ASSERT (((__fast_load_end__ >= __FLASH_segment_start__) && (__fast_load_end__ <= __FLASH_segment_end__)), error: .fast is too large to fit in FLASH memory segment)

.fast_run       0x10000000        0x0
                0x10000000                __fast_run_start__ = .
                0x10000000                . = MAX ((__fast_run_start__ + SIZEOF (.fast)), .)
                0x10000000                __fast_run_end__ = (__fast_run_start__ + SIZEOF (.fast_run))
                0x10000000                __fast_run_load_end__ = __fast_run_end__
                0x00000001                . = ASSERT (((__fast_run_end__ >= __RAM_segment_start__) && (__fast_run_end__ <= __RAM_segment_end__)), error: .fast_run is too large to fit in RAM memory segment)
                0x000031bc                __data_load_start__ = ALIGN ((__fast_load_start__ + SIZEOF (.fast)), 0x4)

.data           0x10000000       0x38 load address 0x000031bc
                0x10000000                __data_start__ = .
 *(.data .data.* .gnu.linkonce.d.*)
 .data._mutex   0x10000000       0x14 NANO2 Debug/basic_pthread_tests.o
 .data._channels
                0x10000014       0x20 NANO2 Debug/dma.o
 .data.SystemCoreClock
                0x10000034        0x4 NANO2 Debug/system_LPC17xx.o
                0x10000034                SystemCoreClock
                0x10000038                __data_end__ = (__data_start__ + SIZEOF (.data))
                0x000031f4                __data_load_end__ = (__data_load_start__ + SIZEOF (.data))
                0x00000001                . = ASSERT (((__data_load_end__ >= __FLASH_segment_start__) && (__data_load_end__ <= __FLASH_segment_end__)), error: .data is too large to fit in FLASH memory segment)

.data_run       0x10000000       0x38 load address 0x000031bc
                0x10000000                __data_run_start__ = .
                0x10000038                . = MAX ((__data_run_start__ + SIZEOF (.data)), .)
 *fill*         0x10000000       0x38 00
                0x10000038                __data_run_end__ = (__data_run_start__ + SIZEOF (.data_run))
                0x10000038                __data_run_load_end__ = __data_run_end__
                0x00000001                . = ASSERT (((__data_run_end__ >= __RAM_segment_start__) && (__data_run_end__ <= __RAM_segment_end__)), error: .data_run is too large to fit in RAM memory segment)
                0x10000038                __bss_load_start__ = ALIGN (__data_run_end__, 0x4)

.bss            0x10000038      0x344
                0x10000038                __bss_start__ = .
 *(.bss .bss.* .gnu.linkonce.b.*)
 .bss._main_thread
                0x10000038       0x3c NANO2 Debug/startup.o
 *fill*         0x10000074        0xc 00
 .bss._main_stack
                0x10000080      0x200 NANO2 Debug/startup.o
 .bss.__kernel_last_error
                0x10000280        0x4 NANO2 Debug/panic.o
 .bss.__running_thread
                0x10000284        0x4 NANO2 Debug/thread.o
                0x10000284                __running_thread
 .bss._ready    0x10000288        0xc NANO2 Debug/thread.o
 .bss._wait     0x10000294        0xc NANO2 Debug/thread.o
 .bss._system_thread
                0x100002a0       0x3c NANO2 Debug/thread.o
 .bss._timers   0x100002dc        0xc NANO2 Debug/timer.o
 .bss._context  0x100002e8       0x34 NANO2 Debug/posix.o
 .bss._mem_list
                0x1000031c        0xc NANO2 Debug/memory.o
 .bss._heap_region
                0x10000328       0x28 NANO2 Debug/memory.o
 .bss._callbacks
                0x10000350       0x20 NANO2 Debug/dma.o
 .bss.libc.__format_extender
                0x10000370        0x4 /Applications/CrossWorks for ARM 2.2/lib/libc_v7m_t_le.a(libc2.o)
                0x10000370                __format_extender
 .bss.libdebugio.dbgCommWord
                0x10000374        0x4 /Applications/CrossWorks for ARM 2.2/lib/libdebugio_v7m_t_le.a(libdebugio.o)
                0x10000374                dbgCommWord
 .bss.libdebugio.dbgCntrlWord_mempoll
                0x10000378        0x4 /Applications/CrossWorks for ARM 2.2/lib/libdebugio_v7m_t_le.a(libdebugio.o)
                0x10000378                dbgCntrlWord_mempoll
 *(COMMON)
                0x1000037c                __bss_end__ = (__bss_start__ + SIZEOF (.bss))
                0x1000037c                __bss_load_end__ = __bss_end__
                0x00000001                . = ASSERT (((__bss_end__ >= __RAM_segment_start__) && (__bss_end__ <= __RAM_segment_end__)), error: .bss is too large to fit in RAM memory segment)
                0x1000037c                __non_init_load_start__ = ALIGN (__bss_end__, 0x4)

.non_init       0x1000037c        0x0
                0x1000037c                __non_init_start__ = .
 *(.non_init .non_init.*)
                0x1000037c                __non_init_end__ = (__non_init_start__ + SIZEOF (.non_init))
                0x1000037c                __non_init_load_end__ = __non_init_end__
                0x00000001                . = ASSERT (((__non_init_end__ >= __RAM_segment_start__) && (__non_init_end__ <= __RAM_segment_end__)), error: .non_init is too large to fit in RAM memory segment)
                0x1000037c                __heap_load_start__ = ALIGN (__non_init_end__, 0x4)

.heap           0x1000037c      0x400
                0x1000037c                __heap_start__ = .
 *(.heap .heap.*)
                0x1000077c                . = ALIGN (MAX ((__heap_start__ + __HEAPSIZE__), .), 0x4)
 *fill*         0x1000037c      0x400 00
                0x1000077c                __heap_end__ = (__heap_start__ + SIZEOF (.heap))
                0x1000077c                __heap_load_end__ = __heap_end__
                0x00000001                . = ASSERT (((__heap_end__ >= __RAM_segment_start__) && (__heap_end__ <= __RAM_segment_end__)), error: .heap is too large to fit in RAM memory segment)
                0x1000077c                __stack_load_start__ = ALIGN (__heap_end__, 0x4)

.stack          0x1000077c      0x100
                0x1000077c                __stack_start__ = .
 *(.stack .stack.*)
                0x1000087c                . = ALIGN (MAX ((__stack_start__ + __STACKSIZE__), .), 0x4)
 *fill*         0x1000077c      0x100 00
                0x1000087c                __stack_end__ = (__stack_start__ + SIZEOF (.stack))
                0x1000087c                __stack_load_end__ = __stack_end__
                0x00000001                . = ASSERT (((__stack_end__ >= __RAM_segment_start__) && (__stack_end__ <= __RAM_segment_end__)), error: .stack is too large to fit in RAM memory segment)
                0x1000087c                __stack_process_load_start__ = ALIGN (__stack_end__, 0x4)

.stack_process  0x1000087c      0x200
                0x1000087c                __stack_process_start__ = .
 *(.stack_process .stack_process.*)
                0x10000a7c                . = ALIGN (MAX ((__stack_process_start__ + __STACKSIZE_PROCESS__), .), 0x4)
 *fill*         0x1000087c      0x200 00
                0x10000a7c                __stack_process_end__ = (__stack_process_start__ + SIZEOF (.stack_process))
                0x10000a7c                __stack_process_load_end__ = __stack_process_end__
                0x00000001                . = ASSERT (((__stack_process_end__ >= __RAM_segment_start__) && (__stack_process_end__ <= __RAM_segment_end__)), error: .stack_process is too large to fit in RAM memory segment)
                0x10000a7c                __tbss_load_start__ = ALIGN (__stack_process_end__, 0x4)

.tbss           0x10000a7c        0x0
                0x10000a7c                __tbss_start__ = .
 *(.tbss .tbss.*)
                0x10000a7c                __tbss_end__ = (__tbss_start__ + SIZEOF (.tbss))
                0x10000a7c                __tbss_load_end__ = __tbss_end__
                0x00000001                . = ASSERT (((__tbss_end__ >= __RAM_segment_start__) && (__tbss_end__ <= __RAM_segment_end__)), error: .tbss is too large to fit in RAM memory segment)
                0x000031f4                __tdata_load_start__ = ALIGN ((__data_load_start__ + SIZEOF (.data)), 0x4)

.tdata          0x10000a7c        0x0 load address 0x000031f4
                0x10000a7c                __tdata_start__ = .
 *(.tdata .tdata.*)
                0x10000a7c                __tdata_end__ = (__tdata_start__ + SIZEOF (.tdata))
                0x000031f4                __tdata_load_end__ = (__tdata_load_start__ + SIZEOF (.tdata))
                0x00000001                . = ASSERT (((__tdata_load_end__ >= __FLASH_segment_start__) && (__tdata_load_end__ <= __FLASH_segment_end__)), error: .tdata is too large to fit in FLASH memory segment)
                0x000031f4                __data2_load_start__ = ALIGN ((__tdata_load_start__ + SIZEOF (.tdata)), 0x4)

.data2          0x2007c000        0x0 load address 0x000031f4
                0x2007c000                __data2_start__ = .
 *(.data2 .data2.*)
                0x2007c000                __data2_end__ = (__data2_start__ + SIZEOF (.data2))
                0x000031f4                __data2_load_end__ = (__data2_load_start__ + SIZEOF (.data2))
                0x00000001                . = ASSERT (((__data2_load_end__ >= __FLASH_segment_start__) && (__data2_load_end__ <= __FLASH_segment_end__)), error: .data2 is too large to fit in FLASH memory segment)

.data2_run      0x2007c000        0x0
                0x2007c000                __data2_run_start__ = .
                0x2007c000                . = MAX ((__data2_run_start__ + SIZEOF (.data2)), .)
                0x2007c000                __data2_run_end__ = (__data2_run_start__ + SIZEOF (.data2_run))
                0x2007c000                __data2_run_load_end__ = __data2_run_end__
                0x00000001                . = ASSERT (((__data2_run_end__ >= __AHBSRAM_segment_start__) && (__data2_run_end__ <= __AHBSRAM_segment_end__)), error: .data2_run is too large to fit in AHBSRAM memory segment)
                0x2007c000                __bss2_load_start__ = ALIGN (__data2_run_end__, 0x4)

.bss2           0x2007c000        0x0
                0x2007c000                __bss2_start__ = .
 *(.bss2 .bss2.*)
                0x2007c000                __bss2_end__ = (__bss2_start__ + SIZEOF (.bss2))
                0x2007c000                __bss2_load_end__ = __bss2_end__
                0x2007c000                __AHBSRAM_segment_used_end__ = (ALIGN (__data2_run_end__, 0x4) + SIZEOF (.bss2))
                0x00000001                . = ASSERT (((__bss2_end__ >= __AHBSRAM_segment_start__) && (__bss2_end__ <= __AHBSRAM_segment_end__)), error: .bss2 is too large to fit in AHBSRAM memory segment)

.tdata_run      0x10000a7c        0x0
                0x10000a7c                __tdata_run_start__ = .
                0x10000a7c                . = MAX ((__tdata_run_start__ + SIZEOF (.tdata)), .)
                0x10000a7c                __tdata_run_end__ = (__tdata_run_start__ + SIZEOF (.tdata_run))
                0x10000a7c                __tdata_run_load_end__ = __tdata_run_end__
                0x10000a7c                __RAM_segment_used_end__ = (ALIGN (__tbss_end__, 0x4) + SIZEOF (.tdata_run))
                0x00000001                . = ASSERT (((__tdata_run_end__ >= __RAM_segment_start__) && (__tdata_run_end__ <= __RAM_segment_end__)), error: .tdata_run is too large to fit in RAM memory segment)
                0x00008000                __iap_load_start__ = ALIGN ((__data2_load_start__ + SIZEOF (.data2)), 0x8000)

.iap            0x00008000        0x0
                0x00008000                __iap_start__ = .
 *(.iap .iap.*)
                0x00008000                __iap_end__ = (__iap_start__ + SIZEOF (.iap))
                0x00008000                __iap_load_end__ = __iap_end__
                0x00008000                __FLASH_segment_used_end__ = (ALIGN ((__data2_load_start__ + SIZEOF (.data2)), 0x8000) + SIZEOF (.iap))
                0x00000001                . = ASSERT (((__iap_end__ >= __FLASH_segment_start__) && (__iap_end__ <= __FLASH_segment_end__)), error: .iap is too large to fit in FLASH memory segment)
START GROUP
LOAD NANO2 Debug/startup_lpc17.o
LOAD NANO2 Debug/vectors_lpc17.o
LOAD NANO2 Debug/machine_lpc17.o
LOAD NANO2 Debug/time_lpc17.o
LOAD NANO2 Debug/hal.o
LOAD NANO2 Debug/startup.o
LOAD NANO2 Debug/list.o
LOAD NANO2 Debug/panic.o
LOAD NANO2 Debug/signal.o
LOAD NANO2 Debug/threading_tests.o
LOAD NANO2 Debug/memory_tests.o
LOAD NANO2 Debug/thread.o
LOAD NANO2 Debug/timer.o
LOAD NANO2 Debug/basic_pthread_tests.o
LOAD NANO2 Debug/pthread_cond.o
LOAD NANO2 Debug/pthread_time.o
LOAD NANO2 Debug/posix.o
LOAD NANO2 Debug/pthread.o
LOAD NANO2 Debug/unistd.o
LOAD NANO2 Debug/memory.o
LOAD NANO2 Debug/mutex.o
LOAD NANO2 Debug/event.o
LOAD NANO2 Debug/main.o
LOAD NANO2 Debug/pincon.o
LOAD NANO2 Debug/dma.o
LOAD NANO2 Debug/cpu.o
LOAD NANO2 Debug/nmine_lpc17.o
LOAD NANO2 Debug/system_LPC17xx.o
LOAD /Applications/CrossWorks for ARM 2.2/lib/libm_v7m_t_le.a
LOAD /Applications/CrossWorks for ARM 2.2/lib/libc_v7m_t_le.a
LOAD /Applications/CrossWorks for ARM 2.2/lib/libcpp_v7m_t_le.a
LOAD /Applications/CrossWorks for ARM 2.2/lib/libdebugio_v7m_t_le.a
LOAD /Applications/CrossWorks for ARM 2.2/lib/libc_user_libc_v7m_t_le.a
END GROUP
OUTPUT(NANO2 Debug/exos_lpc17.elf elf32-littlearm)

.debug_frame    0x00000000     0x3d40
 .debug_frame   0x00000000       0x30 NANO2 Debug/startup_lpc17.o
 .debug_frame   0x00000030       0xdc NANO2 Debug/machine_lpc17.o
 .debug_frame   0x0000010c       0xb8 NANO2 Debug/time_lpc17.o
 .debug_frame   0x000001c4       0x3c NANO2 Debug/hal.o
 .debug_frame   0x00000200       0x7c NANO2 Debug/startup.o
 .debug_frame   0x0000027c      0x18c NANO2 Debug/list.o
 .debug_frame   0x00000408       0x5c NANO2 Debug/panic.o
 .debug_frame   0x00000464      0x2f4 NANO2 Debug/signal.o
 .debug_frame   0x00000758      0x138 NANO2 Debug/threading_tests.o
 .debug_frame   0x00000890       0xcc NANO2 Debug/memory_tests.o
 .debug_frame   0x0000095c      0x270 NANO2 Debug/thread.o
 .debug_frame   0x00000bcc      0x1b8 NANO2 Debug/timer.o
 .debug_frame   0x00000d84       0x68 NANO2 Debug/basic_pthread_tests.o
 .debug_frame   0x00000dec       0xec NANO2 Debug/pthread_cond.o
 .debug_frame   0x00000ed8       0x64 NANO2 Debug/pthread_time.o
 .debug_frame   0x00000f3c       0xbc NANO2 Debug/posix.o
 .debug_frame   0x00000ff8       0xe4 NANO2 Debug/pthread.o
 .debug_frame   0x000010dc       0x3c NANO2 Debug/unistd.o
 .debug_frame   0x00001118      0x168 NANO2 Debug/memory.o
 .debug_frame   0x00001280       0xec NANO2 Debug/mutex.o
 .debug_frame   0x0000136c      0x118 NANO2 Debug/event.o
 .debug_frame   0x00001484       0x3c NANO2 Debug/main.o
 .debug_frame   0x000014c0       0xe0 NANO2 Debug/dma.o
 .debug_frame   0x000015a0       0x58 NANO2 Debug/cpu.o
 .debug_frame   0x000015f8      0x214 NANO2 Debug/nmine_lpc17.o
 .debug_frame   0x0000180c       0x50 NANO2 Debug/system_LPC17xx.o
 .debug_frame   0x0000185c      0x260 /Applications/CrossWorks for ARM 2.2/lib/libc_v7m_t_le.a(libc_asm.o)
 .debug_frame   0x00001abc      0x100 /Applications/CrossWorks for ARM 2.2/lib/libc_v7m_t_le.a(libc2_asm.o)
 .debug_frame   0x00001bbc       0x40 /Applications/CrossWorks for ARM 2.2/lib/libc_v7m_t_le.a(__vfprintf_int.o)
 .debug_frame   0x00001bfc       0x88 /Applications/CrossWorks for ARM 2.2/lib/libc_v7m_t_le.a(__vfscanf_int.o)
 .debug_frame   0x00001c84     0x1290 /Applications/CrossWorks for ARM 2.2/lib/libc_v7m_t_le.a(libc2.o)
 .debug_frame   0x00002f14      0x78c /Applications/CrossWorks for ARM 2.2/lib/libdebugio_v7m_t_le.a(libdebugio.o)
 .debug_frame   0x000036a0       0xa0 /Applications/CrossWorks for ARM 2.2/lib/libc_user_libc_v7m_t_le.a(user_libc.o)
 .debug_frame   0x00003740      0x600 /Applications/CrossWorks for ARM 2.2/lib/libm_v7m_t_le.a(libm_asm.o)

.debug_info     0x00000000     0x91a4
 .debug_info    0x00000000      0x1e3 NANO2 Debug/startup_lpc17.o
 .debug_info    0x000001e3      0x7f7 NANO2 Debug/machine_lpc17.o
 .debug_info    0x000009da      0x5c6 NANO2 Debug/time_lpc17.o
 .debug_info    0x00000fa0       0xb0 NANO2 Debug/hal.o
 .debug_info    0x00001050      0x281 NANO2 Debug/startup.o
 .debug_info    0x000012d1      0x3c2 NANO2 Debug/list.o
 .debug_info    0x00001693       0xed NANO2 Debug/panic.o
 .debug_info    0x00001780      0x7b3 NANO2 Debug/signal.o
 .debug_info    0x00001f33      0x4a2 NANO2 Debug/threading_tests.o
 .debug_info    0x000023d5      0x47a NANO2 Debug/memory_tests.o
 .debug_info    0x0000284f      0x730 NANO2 Debug/thread.o
 .debug_info    0x00002f7f      0x547 NANO2 Debug/timer.o
 .debug_info    0x000034c6      0x3a5 NANO2 Debug/basic_pthread_tests.o
 .debug_info    0x0000386b      0x5c5 NANO2 Debug/pthread_cond.o
 .debug_info    0x00003e30      0x107 NANO2 Debug/pthread_time.o
 .debug_info    0x00003f37      0x6ea NANO2 Debug/posix.o
 .debug_info    0x00004621      0x682 NANO2 Debug/pthread.o
 .debug_info    0x00004ca3       0x75 NANO2 Debug/unistd.o
 .debug_info    0x00004d18      0x76b NANO2 Debug/memory.o
 .debug_info    0x00005483      0x461 NANO2 Debug/mutex.o
 .debug_info    0x000058e4      0x4dc NANO2 Debug/event.o
 .debug_info    0x00005dc0       0x54 NANO2 Debug/main.o
 .debug_info    0x00005e14       0x7f NANO2 Debug/pincon.o
 .debug_info    0x00005e93      0xb6e NANO2 Debug/dma.o
 .debug_info    0x00006a01      0x101 NANO2 Debug/cpu.o
 .debug_info    0x00006b02      0xdff NANO2 Debug/nmine_lpc17.o
 .debug_info    0x00007901      0x33e NANO2 Debug/system_LPC17xx.o
 .debug_info    0x00007c3f       0xcf /Applications/CrossWorks for ARM 2.2/lib/libc_v7m_t_le.a(libc_asm.o)
 .debug_info    0x00007d0e       0xcc /Applications/CrossWorks for ARM 2.2/lib/libc_v7m_t_le.a(libc2_asm.o)
 .debug_info    0x00007dda       0x36 /Applications/CrossWorks for ARM 2.2/lib/libc_v7m_t_le.a(__vfprintf_int.o)
 .debug_info    0x00007e10       0x65 /Applications/CrossWorks for ARM 2.2/lib/libc_v7m_t_le.a(__vfscanf_int.o)
 .debug_info    0x00007e75      0xc64 /Applications/CrossWorks for ARM 2.2/lib/libc_v7m_t_le.a(libc2.o)
 .debug_info    0x00008ad9      0x51f /Applications/CrossWorks for ARM 2.2/lib/libdebugio_v7m_t_le.a(libdebugio.o)
 .debug_info    0x00008ff8       0xcd /Applications/CrossWorks for ARM 2.2/lib/libc_user_libc_v7m_t_le.a(user_libc.o)
 .debug_info    0x000090c5       0xdf /Applications/CrossWorks for ARM 2.2/lib/libm_v7m_t_le.a(libm_asm.o)

.debug_abbrev   0x00000000     0x1d76
 .debug_abbrev  0x00000000       0x79 NANO2 Debug/startup_lpc17.o
 .debug_abbrev  0x00000079      0x238 NANO2 Debug/machine_lpc17.o
 .debug_abbrev  0x000002b1      0x153 NANO2 Debug/time_lpc17.o
 .debug_abbrev  0x00000404       0x63 NANO2 Debug/hal.o
 .debug_abbrev  0x00000467       0xe4 NANO2 Debug/startup.o
 .debug_abbrev  0x0000054b       0xe4 NANO2 Debug/list.o
 .debug_abbrev  0x0000062f       0x7f NANO2 Debug/panic.o
 .debug_abbrev  0x000006ae      0x158 NANO2 Debug/signal.o
 .debug_abbrev  0x00000806      0x13a NANO2 Debug/threading_tests.o
 .debug_abbrev  0x00000940      0x136 NANO2 Debug/memory_tests.o
 .debug_abbrev  0x00000a76      0x185 NANO2 Debug/thread.o
 .debug_abbrev  0x00000bfb      0x130 NANO2 Debug/timer.o
 .debug_abbrev  0x00000d2b      0x102 NANO2 Debug/basic_pthread_tests.o
 .debug_abbrev  0x00000e2d       0xf8 NANO2 Debug/pthread_cond.o
 .debug_abbrev  0x00000f25       0xc2 NANO2 Debug/pthread_time.o
 .debug_abbrev  0x00000fe7      0x147 NANO2 Debug/posix.o
 .debug_abbrev  0x0000112e      0x14e NANO2 Debug/pthread.o
 .debug_abbrev  0x0000127c       0x52 NANO2 Debug/unistd.o
 .debug_abbrev  0x000012ce      0x153 NANO2 Debug/memory.o
 .debug_abbrev  0x00001421       0xfb NANO2 Debug/mutex.o
 .debug_abbrev  0x0000151c      0x121 NANO2 Debug/event.o
 .debug_abbrev  0x0000163d       0x43 NANO2 Debug/main.o
 .debug_abbrev  0x00001680       0x42 NANO2 Debug/pincon.o
 .debug_abbrev  0x000016c2      0x22e NANO2 Debug/dma.o
 .debug_abbrev  0x000018f0       0x9d NANO2 Debug/cpu.o
 .debug_abbrev  0x0000198d      0x18f NANO2 Debug/nmine_lpc17.o
 .debug_abbrev  0x00001b1c       0xbf NANO2 Debug/system_LPC17xx.o
 .debug_abbrev  0x00001bdb       0x12 /Applications/CrossWorks for ARM 2.2/lib/libc_v7m_t_le.a(libc_asm.o)
 .debug_abbrev  0x00001bed       0x12 /Applications/CrossWorks for ARM 2.2/lib/libc_v7m_t_le.a(libc2_asm.o)
 .debug_abbrev  0x00001bff       0x25 /Applications/CrossWorks for ARM 2.2/lib/libc_v7m_t_le.a(__vfprintf_int.o)
 .debug_abbrev  0x00001c24       0x43 /Applications/CrossWorks for ARM 2.2/lib/libc_v7m_t_le.a(__vfscanf_int.o)
 .debug_abbrev  0x00001c67       0xa0 /Applications/CrossWorks for ARM 2.2/lib/libc_v7m_t_le.a(libc2.o)
 .debug_abbrev  0x00001d07       0x38 /Applications/CrossWorks for ARM 2.2/lib/libdebugio_v7m_t_le.a(libdebugio.o)
 .debug_abbrev  0x00001d3f       0x25 /Applications/CrossWorks for ARM 2.2/lib/libc_user_libc_v7m_t_le.a(user_libc.o)
 .debug_abbrev  0x00001d64       0x12 /Applications/CrossWorks for ARM 2.2/lib/libm_v7m_t_le.a(libm_asm.o)

.debug_aranges  0x00000000     0x1160
 .debug_aranges
                0x00000000       0x28 NANO2 Debug/startup_lpc17.o
 .debug_aranges
                0x00000028       0x50 NANO2 Debug/machine_lpc17.o
 .debug_aranges
                0x00000078       0x38 NANO2 Debug/time_lpc17.o
 .debug_aranges
                0x000000b0       0x28 NANO2 Debug/hal.o
 .debug_aranges
                0x000000d8       0x30 NANO2 Debug/startup.o
 .debug_aranges
                0x00000108       0x60 NANO2 Debug/list.o
 .debug_aranges
                0x00000168       0x28 NANO2 Debug/panic.o
 .debug_aranges
                0x00000190       0xa0 NANO2 Debug/signal.o
 .debug_aranges
                0x00000230       0x50 NANO2 Debug/threading_tests.o
 .debug_aranges
                0x00000280       0x38 NANO2 Debug/memory_tests.o
 .debug_aranges
                0x000002b8       0x88 NANO2 Debug/thread.o
 .debug_aranges
                0x00000340       0x68 NANO2 Debug/timer.o
 .debug_aranges
                0x000003a8       0x28 NANO2 Debug/basic_pthread_tests.o
 .debug_aranges
                0x000003d0       0x40 NANO2 Debug/pthread_cond.o
 .debug_aranges
                0x00000410       0x28 NANO2 Debug/pthread_time.o
 .debug_aranges
                0x00000438       0x38 NANO2 Debug/posix.o
 .debug_aranges
                0x00000470       0x40 NANO2 Debug/pthread.o
 .debug_aranges
                0x000004b0       0x20 NANO2 Debug/unistd.o
 .debug_aranges
                0x000004d0       0x58 NANO2 Debug/memory.o
 .debug_aranges
                0x00000528       0x40 NANO2 Debug/mutex.o
 .debug_aranges
                0x00000568       0x48 NANO2 Debug/event.o
 .debug_aranges
                0x000005b0       0x20 NANO2 Debug/main.o
 .debug_aranges
                0x000005d0       0x40 NANO2 Debug/dma.o
 .debug_aranges
                0x00000610       0x28 NANO2 Debug/cpu.o
 .debug_aranges
                0x00000638       0x80 NANO2 Debug/nmine_lpc17.o
 .debug_aranges
                0x000006b8       0x28 NANO2 Debug/system_LPC17xx.o
 .debug_aranges
                0x000006e0       0xb8 /Applications/CrossWorks for ARM 2.2/lib/libc_v7m_t_le.a(libc_asm.o)
 .debug_aranges
                0x00000798       0x60 /Applications/CrossWorks for ARM 2.2/lib/libc_v7m_t_le.a(libc2_asm.o)
 .debug_aranges
                0x000007f8       0x20 /Applications/CrossWorks for ARM 2.2/lib/libc_v7m_t_le.a(__vfprintf_int.o)
 .debug_aranges
                0x00000818       0x30 /Applications/CrossWorks for ARM 2.2/lib/libc_v7m_t_le.a(__vfscanf_int.o)
 .debug_aranges
                0x00000848      0x508 /Applications/CrossWorks for ARM 2.2/lib/libc_v7m_t_le.a(libc2.o)
 .debug_aranges
                0x00000d50      0x218 /Applications/CrossWorks for ARM 2.2/lib/libdebugio_v7m_t_le.a(libdebugio.o)
 .debug_aranges
                0x00000f68       0x60 /Applications/CrossWorks for ARM 2.2/lib/libc_user_libc_v7m_t_le.a(user_libc.o)
 .debug_aranges
                0x00000fc8      0x198 /Applications/CrossWorks for ARM 2.2/lib/libm_v7m_t_le.a(libm_asm.o)

.debug_ranges   0x00000000      0xf70
 .debug_ranges  0x00000000       0x18 NANO2 Debug/startup_lpc17.o
 .debug_ranges  0x00000018       0x40 NANO2 Debug/machine_lpc17.o
 .debug_ranges  0x00000058       0x28 NANO2 Debug/time_lpc17.o
 .debug_ranges  0x00000080       0x18 NANO2 Debug/hal.o
 .debug_ranges  0x00000098       0x20 NANO2 Debug/startup.o
 .debug_ranges  0x000000b8       0x50 NANO2 Debug/list.o
 .debug_ranges  0x00000108       0x18 NANO2 Debug/panic.o
 .debug_ranges  0x00000120       0x90 NANO2 Debug/signal.o
 .debug_ranges  0x000001b0       0x40 NANO2 Debug/threading_tests.o
 .debug_ranges  0x000001f0       0x40 NANO2 Debug/memory_tests.o
 .debug_ranges  0x00000230       0x78 NANO2 Debug/thread.o
 .debug_ranges  0x000002a8       0x58 NANO2 Debug/timer.o
 .debug_ranges  0x00000300       0x18 NANO2 Debug/basic_pthread_tests.o
 .debug_ranges  0x00000318       0x30 NANO2 Debug/pthread_cond.o
 .debug_ranges  0x00000348       0x18 NANO2 Debug/pthread_time.o
 .debug_ranges  0x00000360       0x28 NANO2 Debug/posix.o
 .debug_ranges  0x00000388       0x30 NANO2 Debug/pthread.o
 .debug_ranges  0x000003b8       0x10 NANO2 Debug/unistd.o
 .debug_ranges  0x000003c8       0x48 NANO2 Debug/memory.o
 .debug_ranges  0x00000410       0x30 NANO2 Debug/mutex.o
 .debug_ranges  0x00000440       0x38 NANO2 Debug/event.o
 .debug_ranges  0x00000478       0x10 NANO2 Debug/main.o
 .debug_ranges  0x00000488       0x30 NANO2 Debug/dma.o
 .debug_ranges  0x000004b8       0x18 NANO2 Debug/cpu.o
 .debug_ranges  0x000004d0       0x70 NANO2 Debug/nmine_lpc17.o
 .debug_ranges  0x00000540       0x18 NANO2 Debug/system_LPC17xx.o
 .debug_ranges  0x00000558       0xb0 /Applications/CrossWorks for ARM 2.2/lib/libc_v7m_t_le.a(libc_asm.o)
 .debug_ranges  0x00000608       0x58 /Applications/CrossWorks for ARM 2.2/lib/libc_v7m_t_le.a(libc2_asm.o)
 .debug_ranges  0x00000660       0x10 /Applications/CrossWorks for ARM 2.2/lib/libc_v7m_t_le.a(__vfprintf_int.o)
 .debug_ranges  0x00000670       0x20 /Applications/CrossWorks for ARM 2.2/lib/libc_v7m_t_le.a(__vfscanf_int.o)
 .debug_ranges  0x00000690      0x4f8 /Applications/CrossWorks for ARM 2.2/lib/libc_v7m_t_le.a(libc2.o)
 .debug_ranges  0x00000b88      0x208 /Applications/CrossWorks for ARM 2.2/lib/libdebugio_v7m_t_le.a(libdebugio.o)
 .debug_ranges  0x00000d90       0x50 /Applications/CrossWorks for ARM 2.2/lib/libc_user_libc_v7m_t_le.a(user_libc.o)
 .debug_ranges  0x00000de0      0x190 /Applications/CrossWorks for ARM 2.2/lib/libm_v7m_t_le.a(libm_asm.o)

.debug_line     0x00000000     0x4972
 .debug_line    0x00000000       0x8d NANO2 Debug/startup_lpc17.o
 .debug_line    0x0000008d      0x298 NANO2 Debug/machine_lpc17.o
 .debug_line    0x00000325      0x1fe NANO2 Debug/time_lpc17.o
 .debug_line    0x00000523       0x8c NANO2 Debug/hal.o
 .debug_line    0x000005af       0xa6 NANO2 Debug/startup.o
 .debug_line    0x00000655      0x13f NANO2 Debug/list.o
 .debug_line    0x00000794       0x81 NANO2 Debug/panic.o
 .debug_line    0x00000815      0x212 NANO2 Debug/signal.o
 .debug_line    0x00000a27      0x208 NANO2 Debug/threading_tests.o
 .debug_line    0x00000c2f      0x166 NANO2 Debug/memory_tests.o
 .debug_line    0x00000d95      0x235 NANO2 Debug/thread.o
 .debug_line    0x00000fca      0x17e NANO2 Debug/timer.o
 .debug_line    0x00001148      0x17c NANO2 Debug/basic_pthread_tests.o
 .debug_line    0x000012c4      0x18d NANO2 Debug/pthread_cond.o
 .debug_line    0x00001451       0xf3 NANO2 Debug/pthread_time.o
 .debug_line    0x00001544      0x187 NANO2 Debug/posix.o
 .debug_line    0x000016cb      0x19f NANO2 Debug/pthread.o
 .debug_line    0x0000186a       0x69 NANO2 Debug/unistd.o
 .debug_line    0x000018d3      0x1dc NANO2 Debug/memory.o
 .debug_line    0x00001aaf       0xfe NANO2 Debug/mutex.o
 .debug_line    0x00001bad      0x118 NANO2 Debug/event.o
 .debug_line    0x00001cc5       0x5e NANO2 Debug/main.o
 .debug_line    0x00001d23       0xcf NANO2 Debug/pincon.o
 .debug_line    0x00001df2      0x2a0 NANO2 Debug/dma.o
 .debug_line    0x00002092      0x1ae NANO2 Debug/cpu.o
 .debug_line    0x00002240      0x355 NANO2 Debug/nmine_lpc17.o
 .debug_line    0x00002595      0x200 NANO2 Debug/system_LPC17xx.o
 .debug_line    0x00002795      0x653 /Applications/CrossWorks for ARM 2.2/lib/libc_v7m_t_le.a(libc_asm.o)
 .debug_line    0x00002de8      0x224 /Applications/CrossWorks for ARM 2.2/lib/libc_v7m_t_le.a(libc2_asm.o)
 .debug_line    0x0000300c       0x79 /Applications/CrossWorks for ARM 2.2/lib/libc_v7m_t_le.a(__vfprintf_int.o)
 .debug_line    0x00003085       0x78 /Applications/CrossWorks for ARM 2.2/lib/libc_v7m_t_le.a(__vfscanf_int.o)
 .debug_line    0x000030fd      0x5b7 /Applications/CrossWorks for ARM 2.2/lib/libc_v7m_t_le.a(libc2.o)
 .debug_line    0x000036b4      0x558 /Applications/CrossWorks for ARM 2.2/lib/libdebugio_v7m_t_le.a(libdebugio.o)
 .debug_line    0x00003c0c       0x78 /Applications/CrossWorks for ARM 2.2/lib/libc_user_libc_v7m_t_le.a(user_libc.o)
 .debug_line    0x00003c84      0xcee /Applications/CrossWorks for ARM 2.2/lib/libm_v7m_t_le.a(libm_asm.o)

.debug_str      0x00000000     0x331f
 .debug_str     0x00000000      0x1c3 NANO2 Debug/startup_lpc17.o
                                0x1d8 (size before relaxing)
 .debug_str     0x000001c3      0x55c NANO2 Debug/machine_lpc17.o
                                0x627 (size before relaxing)
 .debug_str     0x0000071f       0xaf NANO2 Debug/time_lpc17.o
                                0x425 (size before relaxing)
 .debug_str     0x000007ce       0x5f NANO2 Debug/hal.o
                                 0xbc (size before relaxing)
 .debug_str     0x0000082d       0x7c NANO2 Debug/startup.o
                                0x2c4 (size before relaxing)
 .debug_str     0x000008a9      0x2b1 NANO2 Debug/list.o
                                0x422 (size before relaxing)
 .debug_str     0x00000b5a       0x62 NANO2 Debug/panic.o
                                0x2af (size before relaxing)
 .debug_str     0x00000bbc      0x260 NANO2 Debug/signal.o
                                0x6c1 (size before relaxing)
 .debug_str     0x00000e1c      0x166 NANO2 Debug/threading_tests.o
                                0x3d1 (size before relaxing)
 .debug_str     0x00000f82      0x17c NANO2 Debug/memory_tests.o
                                0x528 (size before relaxing)
 .debug_str     0x000010fe      0x138 NANO2 Debug/thread.o
                                0x6f3 (size before relaxing)
 .debug_str     0x00001236       0xd0 NANO2 Debug/timer.o
                                0x5ca (size before relaxing)
 .debug_str     0x00001306       0xd3 NANO2 Debug/basic_pthread_tests.o
                                0x334 (size before relaxing)
 .debug_str     0x000013d9      0x354 NANO2 Debug/pthread_cond.o
                                0x7c9 (size before relaxing)
 .debug_str     0x0000172d       0x5a NANO2 Debug/pthread_time.o
                                 0xf1 (size before relaxing)
 .debug_str     0x00001787      0x14c NANO2 Debug/posix.o
                                0x6b6 (size before relaxing)
 .debug_str     0x000018d3       0xcb NANO2 Debug/pthread.o
                                0x656 (size before relaxing)
 .debug_str     0x0000199e       0x41 NANO2 Debug/unistd.o
                                 0xc6 (size before relaxing)
 .debug_str     0x000019df      0x13b NANO2 Debug/memory.o
                                0x5ec (size before relaxing)
 .debug_str     0x00001b1a       0x70 NANO2 Debug/mutex.o
                                0x55c (size before relaxing)
 .debug_str     0x00001b8a       0x91 NANO2 Debug/event.o
                                0x5bc (size before relaxing)
 .debug_str     0x00001c1b       0x2f NANO2 Debug/main.o
                                 0x7f (size before relaxing)
 .debug_str     0x00001c4a       0x3a NANO2 Debug/pincon.o
                                 0xf7 (size before relaxing)
 .debug_str     0x00001c84      0x443 NANO2 Debug/dma.o
                                0x789 (size before relaxing)
 .debug_str     0x000020c7       0x51 NANO2 Debug/cpu.o
                                0x12c (size before relaxing)
 .debug_str     0x00002118      0x674 NANO2 Debug/nmine_lpc17.o
                                0x75a (size before relaxing)
 .debug_str     0x0000278c       0x9f NANO2 Debug/system_LPC17xx.o
                                0x299 (size before relaxing)
 .debug_str     0x0000282b       0x68 /Applications/CrossWorks for ARM 2.2/lib/libc_v7m_t_le.a(__vfprintf_int.o)
                                 0xb1 (size before relaxing)
 .debug_str     0x00002893       0x80 /Applications/CrossWorks for ARM 2.2/lib/libc_v7m_t_le.a(__vfscanf_int.o)
                                 0xc9 (size before relaxing)
 .debug_str     0x00002913      0x57f /Applications/CrossWorks for ARM 2.2/lib/libc_v7m_t_le.a(libc2.o)
                                0x655 (size before relaxing)
 .debug_str     0x00002e92      0x3b7 /Applications/CrossWorks for ARM 2.2/lib/libdebugio_v7m_t_le.a(libdebugio.o)
                                0x400 (size before relaxing)
 .debug_str     0x00003249       0xd6 /Applications/CrossWorks for ARM 2.2/lib/libc_user_libc_v7m_t_le.a(user_libc.o)
                                0x11f (size before relaxing)

.comment        0x00000000       0x4e
 .comment       0x00000000       0x4e NANO2 Debug/startup_lpc17.o
                                 0x4f (size before relaxing)
 .comment       0x00000000       0x4f NANO2 Debug/machine_lpc17.o
 .comment       0x00000000       0x4f NANO2 Debug/time_lpc17.o
 .comment       0x00000000       0x4f NANO2 Debug/hal.o
 .comment       0x00000000       0x4f NANO2 Debug/startup.o
 .comment       0x00000000       0x4f NANO2 Debug/list.o
 .comment       0x00000000       0x4f NANO2 Debug/panic.o
 .comment       0x00000000       0x4f NANO2 Debug/signal.o
 .comment       0x00000000       0x4f NANO2 Debug/threading_tests.o
 .comment       0x00000000       0x4f NANO2 Debug/memory_tests.o
 .comment       0x00000000       0x4f NANO2 Debug/thread.o
 .comment       0x00000000       0x4f NANO2 Debug/timer.o
 .comment       0x00000000       0x4f NANO2 Debug/basic_pthread_tests.o
 .comment       0x00000000       0x4f NANO2 Debug/pthread_cond.o
 .comment       0x00000000       0x4f NANO2 Debug/pthread_time.o
 .comment       0x00000000       0x4f NANO2 Debug/posix.o
 .comment       0x00000000       0x4f NANO2 Debug/pthread.o
 .comment       0x00000000       0x4f NANO2 Debug/unistd.o
 .comment       0x00000000       0x4f NANO2 Debug/memory.o
 .comment       0x00000000       0x4f NANO2 Debug/mutex.o
 .comment       0x00000000       0x4f NANO2 Debug/event.o
 .comment       0x00000000       0x4f NANO2 Debug/main.o
 .comment       0x00000000       0x4f NANO2 Debug/pincon.o
 .comment       0x00000000       0x4f NANO2 Debug/dma.o
 .comment       0x00000000       0x4f NANO2 Debug/cpu.o
 .comment       0x00000000       0x4f NANO2 Debug/nmine_lpc17.o
 .comment       0x00000000       0x4f NANO2 Debug/system_LPC17xx.o
 .comment       0x00000000       0x4f /Applications/CrossWorks for ARM 2.2/lib/libc_v7m_t_le.a(__vfprintf_int.o)
 .comment       0x00000000       0x4f /Applications/CrossWorks for ARM 2.2/lib/libc_v7m_t_le.a(__vfscanf_int.o)
 .comment       0x00000000       0x4f /Applications/CrossWorks for ARM 2.2/lib/libc_v7m_t_le.a(libc2.o)
 .comment       0x00000000       0x4f /Applications/CrossWorks for ARM 2.2/lib/libdebugio_v7m_t_le.a(libdebugio.o)
 .comment       0x00000000       0x4f /Applications/CrossWorks for ARM 2.2/lib/libc_user_libc_v7m_t_le.a(user_libc.o)

.ARM.attributes
                0x00000000       0x10
 .ARM.attributes
                0x00000000       0x10 NANO2 Debug/startup_lpc17.o
 .ARM.attributes
                0x00000010       0x10 NANO2 Debug/vectors_lpc17.o
 .ARM.attributes
                0x00000020       0x10 NANO2 Debug/machine_lpc17.o
 .ARM.attributes
                0x00000030       0x10 NANO2 Debug/time_lpc17.o
 .ARM.attributes
                0x00000040       0x10 NANO2 Debug/hal.o
 .ARM.attributes
                0x00000050       0x10 NANO2 Debug/startup.o
 .ARM.attributes
                0x00000060       0x10 NANO2 Debug/list.o
 .ARM.attributes
                0x00000070       0x10 NANO2 Debug/panic.o
 .ARM.attributes
                0x00000080       0x10 NANO2 Debug/signal.o
 .ARM.attributes
                0x00000090       0x10 NANO2 Debug/threading_tests.o
 .ARM.attributes
                0x000000a0       0x10 NANO2 Debug/memory_tests.o
 .ARM.attributes
                0x000000b0       0x10 NANO2 Debug/thread.o
 .ARM.attributes
                0x000000c0       0x10 NANO2 Debug/timer.o
 .ARM.attributes
                0x000000d0       0x10 NANO2 Debug/basic_pthread_tests.o
 .ARM.attributes
                0x000000e0       0x10 NANO2 Debug/pthread_cond.o
 .ARM.attributes
                0x000000f0       0x10 NANO2 Debug/pthread_time.o
 .ARM.attributes
                0x00000100       0x10 NANO2 Debug/posix.o
 .ARM.attributes
                0x00000110       0x10 NANO2 Debug/pthread.o
 .ARM.attributes
                0x00000120       0x10 NANO2 Debug/unistd.o
 .ARM.attributes
                0x00000130       0x10 NANO2 Debug/memory.o
 .ARM.attributes
                0x00000140       0x10 NANO2 Debug/mutex.o
 .ARM.attributes
                0x00000150       0x10 NANO2 Debug/event.o
 .ARM.attributes
                0x00000160       0x10 NANO2 Debug/main.o
 .ARM.attributes
                0x00000170       0x10 NANO2 Debug/pincon.o
 .ARM.attributes
                0x00000180       0x10 NANO2 Debug/dma.o
 .ARM.attributes
                0x00000190       0x10 NANO2 Debug/cpu.o
 .ARM.attributes
                0x000001a0       0x10 NANO2 Debug/nmine_lpc17.o
 .ARM.attributes
                0x000001b0       0x10 NANO2 Debug/system_LPC17xx.o
 .ARM.attributes
                0x000001c0       0x10 /Applications/CrossWorks for ARM 2.2/lib/libc_v7m_t_le.a(libc_asm.o)
 .ARM.attributes
                0x000001d0       0x10 /Applications/CrossWorks for ARM 2.2/lib/libc_v7m_t_le.a(libc2_asm.o)
 .ARM.attributes
                0x000001e0       0x10 /Applications/CrossWorks for ARM 2.2/lib/libc_v7m_t_le.a(__vfprintf_int.o)
 .ARM.attributes
                0x000001f0       0x10 /Applications/CrossWorks for ARM 2.2/lib/libc_v7m_t_le.a(__vfscanf_int.o)
 .ARM.attributes
                0x00000200       0x10 /Applications/CrossWorks for ARM 2.2/lib/libc_v7m_t_le.a(libc2.o)
 .ARM.attributes
                0x00000210       0x10 /Applications/CrossWorks for ARM 2.2/lib/libdebugio_v7m_t_le.a(libdebugio.o)
 .ARM.attributes
                0x00000220       0x10 /Applications/CrossWorks for ARM 2.2/lib/libc_user_libc_v7m_t_le.a(user_libc.o)
 .ARM.attributes
                0x00000230       0x10 /Applications/CrossWorks for ARM 2.2/lib/libm_v7m_t_le.a(libm_asm.o)

.debug_loc      0x00000000     0x3606
 .debug_loc     0x00000000       0xd4 NANO2 Debug/machine_lpc17.o
 .debug_loc     0x000000d4       0xd4 NANO2 Debug/time_lpc17.o
 .debug_loc     0x000001a8       0x20 NANO2 Debug/hal.o
 .debug_loc     0x000001c8       0x90 NANO2 Debug/startup.o
 .debug_loc     0x00000258      0x1f8 NANO2 Debug/list.o
 .debug_loc     0x00000450       0x64 NANO2 Debug/panic.o
 .debug_loc     0x000004b4      0x3ac NANO2 Debug/signal.o
 .debug_loc     0x00000860      0x17c NANO2 Debug/threading_tests.o
 .debug_loc     0x000009dc       0xe0 NANO2 Debug/memory_tests.o
 .debug_loc     0x00000abc      0x304 NANO2 Debug/thread.o
 .debug_loc     0x00000dc0      0x218 NANO2 Debug/timer.o
 .debug_loc     0x00000fd8       0x70 NANO2 Debug/basic_pthread_tests.o
 .debug_loc     0x00001048      0x118 NANO2 Debug/pthread_cond.o
 .debug_loc     0x00001160       0x70 NANO2 Debug/pthread_time.o
 .debug_loc     0x000011d0       0xe0 NANO2 Debug/posix.o
 .debug_loc     0x000012b0      0x118 NANO2 Debug/pthread.o
 .debug_loc     0x000013c8       0x38 NANO2 Debug/unistd.o
 .debug_loc     0x00001400      0x1c0 NANO2 Debug/memory.o
 .debug_loc     0x000015c0      0x118 NANO2 Debug/mutex.o
 .debug_loc     0x000016d8      0x150 NANO2 Debug/event.o
 .debug_loc     0x00001828       0x38 NANO2 Debug/main.o
 .debug_loc     0x00001860      0x118 NANO2 Debug/dma.o
 .debug_loc     0x00001978       0x64 NANO2 Debug/cpu.o
 .debug_loc     0x000019dc      0x2cc NANO2 Debug/nmine_lpc17.o
 .debug_loc     0x00001ca8       0x58 NANO2 Debug/system_LPC17xx.o
 .debug_loc     0x00001d00       0x2d /Applications/CrossWorks for ARM 2.2/lib/libc_v7m_t_le.a(__vfprintf_int.o)
 .debug_loc     0x00001d2d       0x6c /Applications/CrossWorks for ARM 2.2/lib/libc_v7m_t_le.a(__vfscanf_int.o)
 .debug_loc     0x00001d99     0x1079 /Applications/CrossWorks for ARM 2.2/lib/libc_v7m_t_le.a(libc2.o)
 .debug_loc     0x00002e12      0x7f4 /Applications/CrossWorks for ARM 2.2/lib/libdebugio_v7m_t_le.a(libdebugio.o)
